Vivado Simulator v2025.2
Copyright 1986-2022 Xilinx, Inc. All Rights Reserved.
Copyright 2022-2025 Advanced Micro Devices, Inc. All Rights Reserved.
Running: C:/AMDDesignTools/2025.2/Vivado/bin/unwrapped/win64.o/xelab.exe --incr --debug typical --relax --mt 2 -L xil_defaultlib -L uvm -L unisims_ver -L unimacro_ver -L secureip --snapshot tb_scnncore_behav xil_defaultlib.tb_scnncore xil_defaultlib.glbl -log elaborate.log 
Using 2 slave threads.
Starting static elaboration
Pass Through NonSizing Optimizer
Completed static elaboration
Starting simulation data flow analysis
Completed simulation data flow analysis
Time Resolution for simulation is 1ps
Compiling package xil_defaultlib.$unit_bias_store_gated_sv_237350...
Compiling module xil_defaultlib.parameterized_decoder(N=4)
Compiling module xil_defaultlib.decoder_neuron_config(NEURON_CFG...
Compiling module xil_defaultlib.bias_store_gated(OUT_CHANNEL=16,...
Compiling module xil_defaultlib.bram_decoder(IN_CHANNEL=3,OUT_CH...
Compiling module xil_defaultlib.syn_access_cnn(X_FANIN=1,Y_FANIN...
Compiling module xil_defaultlib.qadd(N=8)
Compiling module xil_defaultlib.multibit_sampler(M=48)
Compiling module xil_defaultlib.bmem_cnn(X_FANIN=1,Y_FANIN=100,X...
Compiling module xil_defaultlib.xchan_bias_acc(OUT_CHANNEL=16,IN...
Compiling module xil_defaultlib.twos_complement(N=8)
Compiling module xil_defaultlib.qmult(Q=4,N=8)
Compiling module xil_defaultlib.qalu(N=8)
Compiling module xil_defaultlib.lif_default
Compiling module xil_defaultlib.cnn_layer(X_FANIN=1,Y_FANIN=100,...
Compiling module xil_defaultlib.bias_store_gated(OUT_CHANNEL=32,...
Compiling module xil_defaultlib.bram_decoder(IN_CHANNEL=16,OUT_C...
Compiling module xil_defaultlib.syn_access_cnn(X_FANIN=1,Y_FANIN...
Compiling module xil_defaultlib.multibit_sampler(M=9)
Compiling module xil_defaultlib.bmem_cnn(X_FANIN=1,Y_FANIN=48,X_...
Compiling module xil_defaultlib.xchan_bias_acc(OUT_CHANNEL=32,IN...
Compiling module xil_defaultlib.cnn_layer(X_FANIN=1,Y_FANIN=48,X...
Compiling module xil_defaultlib.parameterized_decoder(N=64)
Compiling module xil_defaultlib.syn_access_fc(FANIN=288)
Compiling module xil_defaultlib.vector_sampler
Compiling module xil_defaultlib.bmem_fc(FANIN=288,WT_INTEGER_PRE...
Compiling module xil_defaultlib.cuba_lif(FANIN=288,WT_INTEGER_PR...
Compiling module xil_defaultlib.fc_layer(FANIN=288,FANOUT=64,WT_...
Compiling module xil_defaultlib.parameterized_decoder(N=3)
Compiling module xil_defaultlib.syn_access_fc(FANIN=64)
Compiling module xil_defaultlib.bmem_fc(FANIN=64,WT_INTEGER_PREC...
Compiling module xil_defaultlib.cuba_lif(FANIN=64,WT_INTEGER_PRE...
Compiling module xil_defaultlib.fc_layer(FANIN=64,FANOUT=3,WT_IN...
Compiling module xil_defaultlib.scnncore_default
Compiling module xil_defaultlib.tb_scnncore
WARNING: [XSIM 43-3373] "C:/vivado_sim/SCNN/tb/tb_scnncore.sv" Line 301. System function $fscanf is used as system task. This system function should have a LHS e.g. x=$fscanf().
WARNING: [XSIM 43-3373] "C:/vivado_sim/SCNN/tb/tb_scnncore.sv" Line 312. System function $fscanf is used as system task. This system function should have a LHS e.g. x=$fscanf().
WARNING: [XSIM 43-3373] "C:/vivado_sim/SCNN/tb/tb_scnncore.sv" Line 364. System function $fscanf is used as system task. This system function should have a LHS e.g. x=$fscanf().
WARNING: [XSIM 43-3373] "C:/vivado_sim/SCNN/tb/tb_scnncore.sv" Line 374. System function $fscanf is used as system task. This system function should have a LHS e.g. x=$fscanf().
WARNING: [XSIM 43-3373] "C:/vivado_sim/SCNN/tb/tb_scnncore.sv" Line 394. System function $fscanf is used as system task. This system function should have a LHS e.g. x=$fscanf().
Compiling module xil_defaultlib.glbl
Built simulation snapshot tb_scnncore_behav
